[2026-07-22 14:09:43] [SUCCESS] Password reset email sent successfully to kishorpanchal402@gmail.com
[2026-07-22 14:09:58] [ERROR] Failed to send password reset email to invalid_address_format. Error: Invalid address:  (to): invalid_address_format
[2026-07-22 14:13:16] [SUCCESS] Password reset email sent successfully to ajitkard777@gmail.com
[2026-07-22 20:14:46] [ERROR] Failed to send password reset email to adityatathe900@gmail.com. Error: SMTP Error: Could not connect to SMTP host. Failed to connect to server SMTP server error: Failed to connect to server Additional SMTP info: php_network_getaddresses: getaddrinfo failed: No such host is known. 
[2026-07-22 20:16:30] [SUCCESS] Password reset email sent successfully to adityatathe900@gmail.com
[2026-07-22 20:17:37] [SUCCESS] Password reset email sent successfully to ajitkard777@gmail.com
[2026-07-23 11:01:57] [SUCCESS] Password reset email sent successfully to ajitkard777@gmail.com
[2026-07-23 11:38:33] [SUCCESS] OTP verification email sent successfully to student_browser_test@gmail.com
[2026-07-23 11:43:45] [SUCCESS] OTP verification email sent successfully to shedgeshrey3@gmail.com
[2026-07-23 11:44:49] [SUCCESS] Welcome email sent successfully to shedgeshrey3@gmail.com
[2026-07-24 13:42:13] [SUCCESS] Job application email sent to ajitkard777@gmail.com for UI/UX Design Intern
[2026-07-24 13:43:54] [SUCCESS] Application status email (selected) sent to ajitkard777@gmail.com
[2026-07-24 13:49:11] [SUCCESS] Application status email (selected) sent to kishorpanchal402@gmail.com
[2026-07-24 13:52:35] [SUCCESS] Application status email (selected) sent successfully to student1@test.com
[2026-07-24 13:55:27] [SUCCESS] Job application email sent to kunteankita605@gmail.com for Software Engineer
[2026-07-24 13:56:18] [SUCCESS] Application status email (selected) sent successfully to kunteankita605@gmail.com
[2026-07-24 14:00:48] [SUCCESS] Job application email sent to shravanikulkarni62@gmail.com for Software Engineer
[2026-07-24 14:01:41] [SUCCESS] Application status email (interview) sent successfully to shravanikulkarni62@gmail.com
[2026-07-24 14:02:57] [SUCCESS] Interview scheduled email sent to shravanikulkarni62@gmail.com
[2026-07-24 14:03:51] [SUCCESS] Application status email (rejected) sent successfully to ajitkard777@gmail.com
[2026-07-24 14:08:38] [SUCCESS] OTP verification email sent successfully to kishorpanchal402@gmail.com
[2026-07-24 14:08:45] [SUCCESS] OTP verification email sent successfully to kishorpanchal402@gmail.com
[2026-07-24 14:08:50] [SUCCESS] Password reset email sent successfully to kishorpanchal402@gmail.com
[2026-07-24 14:08:59] [SUCCESS] Job application email sent to kishorpanchal402@gmail.com for Software Engineer
[2026-07-24 14:09:07] [SUCCESS] Application status email (selected) sent successfully to kishorpanchal402@gmail.com
[2026-07-24 14:09:18] [SUCCESS] Interview scheduled email sent to kishorpanchal402@gmail.com
[2026-07-24 14:09:42] [SUCCESS] Interview result email (passed) sent to kishorpanchal402@gmail.com
[2026-07-24 14:10:03] [SUCCESS] Training registration email sent to kishorpanchal402@gmail.com
[2026-07-24 14:10:13] [SUCCESS] Admin announcement email sent to kishorpanchal402@gmail.com
[2026-07-24 14:10:23] [SUCCESS] Approval notification (Approved ✅) sent to kishorpanchal402@gmail.com
[2026-07-24 14:13:10] [SUCCESS] OTP verification email sent successfully to kishorpanchal402@gmail.com
[2026-07-24 14:13:16] [SUCCESS] OTP verification email sent successfully to kishorpanchal402@gmail.com
[2026-07-24 14:13:26] [SUCCESS] Password reset email sent successfully to kishorpanchal402@gmail.com
[2026-07-24 14:13:41] [SUCCESS] Job application email sent to kishorpanchal402@gmail.com for Software Engineer
[2026-07-24 14:13:47] [SUCCESS] Application status email (selected) sent successfully to kishorpanchal402@gmail.com
[2026-07-24 14:13:57] [SUCCESS] Interview scheduled email sent to kishorpanchal402@gmail.com
[2026-07-24 14:14:06] [SUCCESS] Interview result email (passed) sent to kishorpanchal402@gmail.com
[2026-07-24 14:14:15] [SUCCESS] Training registration email sent to kishorpanchal402@gmail.com
[2026-07-24 14:14:24] [SUCCESS] Admin announcement email sent to kishorpanchal402@gmail.com
[2026-07-24 14:14:44] [SUCCESS] Approval notification (Approved ✅) sent to kishorpanchal402@gmail.com
[2026-07-24 14:16:19] [SUCCESS] OTP verification email sent successfully to sudrikyash1@gmail.com
[2026-07-24 14:16:51] [SUCCESS] Welcome email sent successfully to sudrikyash1@gmail.com
[2026-07-24 14:17:23] [SUCCESS] Job application email sent to sudrikyash1@gmail.com for Software Engineer
[2026-07-24 14:20:21] [SUCCESS] Interview scheduled email sent to sudrikyash1@gmail.com
[2026-07-24 14:29:09] [SUCCESS] OTP verification email sent successfully to ajitkard199@gmail.com
[2026-07-24 14:31:31] [SUCCESS] OTP verification email sent successfully to ajitkard199@gmail.com
[2026-07-24 14:36:53] [SUCCESS] OTP verification email sent successfully to ajitkard199@gmail.com
[2026-07-24 14:41:15] [SUCCESS] OTP verification email sent successfully to ajitkard199@gmail.com
[2026-07-24 14:42:06] [SUCCESS] Company email-verified/pending-approval email sent to ajitkard199@gmail.com for PALANTIR Technologies
[2026-07-24 14:42:11] [SUCCESS] Company registration alert sent to admin for PALANTIR Technologies
[2026-07-24 14:56:48] [SUCCESS] OTP verification email sent successfully to ajitkarad199@gmail.com
[2026-07-24 14:57:15] [SUCCESS] Company email-verified/pending-approval email sent to ajitkarad199@gmail.com for PALANTIR
[2026-07-24 14:57:20] [SUCCESS] Company registration alert sent to admin for PALANTIR
[2026-07-24 14:57:56] [SUCCESS] Approval notification (Approved ✅) sent to ajitkarad199@gmail.com
[2026-07-24 15:01:36] [SUCCESS] OTP verification email sent successfully to ajitkard199@gmail.com
[2026-07-24 15:04:09] [SUCCESS] Application status email (selected) sent successfully to ajitkard777@gmail.com
[2026-07-26 10:38:37] [SUCCESS] Approval notification (Approved ✅) sent to ajitkard199@gmail.com
[2026-07-26 10:38:50] [SUCCESS] Approval notification (Approved ✅) sent to ajitkarad199@gmail.com
[2026-07-26 10:40:31] [SUCCESS] Job application email sent to ajitkard777@gmail.com for PROJECT MANAGER
[2026-07-26 18:55:08] [SUCCESS] OTP verification email sent successfully to student1@test.com
[2026-07-26 18:55:14] [SUCCESS] Company email-verified/pending-approval email sent to hr@techcorp.com for TechCorp Solutions
[2026-07-26 18:55:21] [SUCCESS] Password reset email sent successfully to student1@test.com
[2026-07-26 18:55:27] [SUCCESS] Job application email sent to student1@test.com for Software Engineer
[2026-07-26 18:55:33] [SUCCESS] Company new application email sent to hr@techcorp.com for Software Engineer
[2026-07-26 18:55:38] [SUCCESS] Application status email (shortlisted) sent successfully to student1@test.com
[2026-07-26 18:55:43] [SUCCESS] Application status email (selected) sent successfully to student1@test.com
[2026-07-26 18:55:49] [SUCCESS] Interview scheduled email sent to student1@test.com
[2026-07-26 18:55:54] [SUCCESS] Interview result email (passed) sent to student1@test.com
[2026-07-26 18:55:59] [SUCCESS] Training registration email sent to student1@test.com
[2026-07-26 18:56:06] [SUCCESS] Training enrollment status email (approved) sent to student1@test.com
[2026-07-26 18:56:11] [SUCCESS] Training certificate email sent to student1@test.com
[2026-07-26 18:56:17] [SUCCESS] Higher studies application email (approved) sent to student1@test.com
[2026-07-26 18:56:23] [SUCCESS] Admin announcement email sent to student1@test.com
[2026-07-26 18:56:28] [SUCCESS] Approval notification (Approved ✅) sent to hr@techcorp.com
[2026-07-26 18:59:35] [SUCCESS] Job application email sent to minato123@gmail.com for PROJECT MANAGER
[2026-07-26 18:59:40] [SUCCESS] Company new application email sent to ajitkarad199@gmail.com for PROJECT MANAGER
[2026-07-26 19:01:43] [SUCCESS] Job application email sent to adityatathe900@gmail.com for PROJECT MANAGER
[2026-07-26 19:01:48] [SUCCESS] Company new application email sent to ajitkarad199@gmail.com for PROJECT MANAGER
[2026-07-26 19:05:13] [SUCCESS] Application status email (selected) sent successfully to ajitkard777@gmail.com
[2026-07-26 19:16:37] [SUCCESS] Application status email (selected) sent successfully to student1@test.com
[2026-07-26 19:16:43] [SUCCESS] Interview scheduled email sent to student1@test.com
[2026-07-26 19:16:48] [SUCCESS] Interview result email (passed) sent to student1@test.com
[2026-07-26 19:16:55] [SUCCESS] Training enrollment status email (approved) sent to student1@test.com
[2026-07-26 19:17:04] [SUCCESS] Higher studies application email (approved) sent to student1@test.com
[2026-07-26 19:19:07] [SUCCESS] Application status email (shortlisted) sent successfully to ajitkard777@gmail.com
[2026-07-27 10:50:52] [SUCCESS] Password reset email sent successfully to ajitkard777@gmail.com
[2026-07-28 02:43:23] [SUCCESS] Interview scheduled email sent to minato123@gmail.com
[2026-07-28 11:51:13] [SUCCESS] Training registration email sent to ajitkard777@gmail.com
[2026-07-29 02:21:33] [ERROR] Failed import welcome email to john.doe@example.com: SMTP Error: data not accepted. SMTP server error: DATA command failed Detail: Daily user sending limit exceeded. For more information on Gmail
sending limits go to
 https://support.google.com/a/answer/166852 a92af1059eb24-13e7263cfd9sm3078843c88.4 - gsmtp
 SMTP code: 550 Additional SMTP info: 5.4.5
[2026-07-29 02:21:37] [ERROR] Failed import welcome email to jane.smith@example.com: SMTP Error: data not accepted. SMTP server error: DATA command failed Detail: Daily user sending limit exceeded. For more information on Gmail
sending limits go to
 https://support.google.com/a/answer/166852 5a478bee46e88-31504b88e12sm2040067eec.11 - gsmtp
 SMTP code: 550 Additional SMTP info: 5.4.5
[2026-07-29 02:48:02] [ERROR] Failed to send password reset email to ajitkard777@gmail.com. Error: SMTP Error: data not accepted. SMTP server error: DATA command failed Detail: Daily user sending limit exceeded. For more information on Gmail
sending limits go to
 https://support.google.com/a/answer/166852 5a478bee46e88-31504e1ff81sm2190757eec.31 - gsmtp
 SMTP code: 550 Additional SMTP info: 5.4.5
[2026-07-29 03:06:17] [WARN] SMTP attempt 1 failed (SMTP Error: Could not authenticate.), retrying in 1.2s...
[2026-07-29 03:06:18] [ERROR] Test email failed to maxkarad199@gmail.com: You must provide at least one recipient email address.
[2026-07-29 03:06:59] [WARN] SMTP attempt 1 failed (SMTP Error: Could not authenticate.), retrying in 1.2s...
[2026-07-29 03:07:00] [ERROR] Test email failed to maxkarad199@gmail.com: SMTP Error: Could not authenticate.
[2026-07-29 03:12:16] [WARN] SMTP attempt 1 failed (SMTP Error: Could not authenticate.), retrying in 1.2s...
[2026-07-29 03:12:18] [ERROR] Failed to send password reset email to ajitkard777@gmail.com. Error: SMTP Error: Could not authenticate.
[2026-07-29 03:19:24] [SUCCESS] Test email sent successfully to maxkarad199@gmail.com
[2026-07-29 03:22:11] [SUCCESS] Password reset email sent successfully to ajitkard777@gmail.com
[2026-07-29 03:23:40] [SUCCESS] Interview scheduled email sent to ajitkard777@gmail.com
